# serializer version: 1
# name: test_parse_statement[sample_csv0-BRL-40571694-0001-1176697-CHECKING]
  <Statement> {   'account_id': '1176697',
      'account_type': 'CHECKING',
      'bank_id': '40571694',
      'branch_id': '0001',
      'currency': 'BRL',
      'invest_lines': [],
      'lines': [   <StatementLine> {   'amount': Decimal('-10010.14'),
      'check_no': None,
      'date': datetime.datetime(2025, 8, 5, 9, 7, 22, 14000),
      'date_user': None,
      'id': 'TRANSFER-1660572841',
      'memo': 'Sent money to JOHN DOE CONSULTING SERVICES',
      'payee': None,
      'refnum': None,
      'trntype': 'DEBIT'},
                   <StatementLine> {   'amount': Decimal('10000.00'),
      'check_no': None,
      'date': datetime.datetime(2025, 8, 5, 9, 5, 58, 406000),
      'date_user': None,
      'id': 'BALANCE-3817426642',
      'memo': 'Converted GBP to BRL',
      'payee': None,
      'refnum': None,
      'trntype': 'CREDIT'},
                   <StatementLine> {   'amount': Decimal('10.14'),
      'check_no': None,
      'date': datetime.datetime(2025, 8, 5, 4, 55, 9, 275000),
      'date_user': None,
      'id': 'BALANCE_CASHBACK-6195c4ec-1735-455f-aed3-cc3b27b69582',
      'memo': 'Cashback',
      'payee': None,
      'refnum': None,
      'trntype': 'CREDIT'},
                   <StatementLine> {   'amount': Decimal('-5000.00'),
      'check_no': None,
      'date': datetime.datetime(2025, 8, 1, 18, 44, 31, 569000),
      'date_user': None,
      'id': 'TRANSFER-1655426716',
      'memo': 'Sent money to JOHN DOE CONSULTING SERVICES',
      'payee': None,
      'refnum': None,
      'trntype': 'DEBIT'},
                   <StatementLine> {   'amount': Decimal('5000.00'),
      'check_no': None,
      'date': datetime.datetime(2025, 8, 1, 18, 43, 57, 496000),
      'date_user': None,
      'id': 'BALANCE-3800526397',
      'memo': 'Converted GBP to BRL',
      'payee': None,
      'refnum': None,
      'trntype': 'CREDIT'},
                   <StatementLine> {   'amount': Decimal('-4200.00'),
      'check_no': None,
      'date': datetime.datetime(2025, 8, 1, 9, 6, 3, 64000),
      'date_user': None,
      'id': 'TRANSFER-1654541045',
      'memo': 'Sent money to JOHN DOE CONSULTING SERVICES',
      'payee': None,
      'refnum': None,
      'trntype': 'DEBIT'},
                   <StatementLine> {   'amount': Decimal('4200.00'),
      'check_no': None,
      'date': datetime.datetime(2025, 8, 1, 9, 5, 31, 960000),
      'date_user': None,
      'id': 'BALANCE-3797868545',
      'memo': 'Converted GBP to BRL',
      'payee': None,
      'refnum': None,
      'trntype': 'CREDIT'}]}
# ---
# name: test_parse_statement[sample_csv1-None-230801-None-25635393-CHECKING]
  <Statement> {   'account_id': '25635393',
      'account_type': 'CHECKING',
      'bank_id': '230801',
      'branch_id': None,
      'currency': 'GBP',
      'invest_lines': [],
      'lines': [   <StatementLine> {   'amount': Decimal('-1363.87'),
      'check_no': None,
      'date': datetime.datetime(2025, 8, 5, 9, 5, 58, 406000),
      'date_user': None,
      'id': 'BALANCE-3817426642',
      'memo': 'Converted GBP to BRL',
      'payee': None,
      'refnum': None,
      'trntype': 'DEBIT'},
                   <StatementLine> {   'amount': Decimal('-12.95'),
      'check_no': None,
      'date': datetime.datetime(2025, 8, 5, 9, 5, 58, 405000),
      'date_user': None,
      'id': 'FEE-BALANCE-3817426642',
      'memo': 'Wise Charges for: BALANCE-3817426642',
      'payee': None,
      'refnum': None,
      'trntype': 'DEBIT'},
                   <StatementLine> {   'amount': Decimal('-679.40'),
      'check_no': None,
      'date': datetime.datetime(2025, 8, 1, 18, 43, 57, 496000),
      'date_user': None,
      'id': 'BALANCE-3800526397',
      'memo': 'Converted GBP to BRL',
      'payee': None,
      'refnum': None,
      'trntype': 'DEBIT'},
                   <StatementLine> {   'amount': Decimal('-6.45'),
      'check_no': None,
      'date': datetime.datetime(2025, 8, 1, 18, 43, 57, 495000),
      'date_user': None,
      'id': 'FEE-BALANCE-3800526397',
      'memo': 'Wise Charges for: BALANCE-3800526397',
      'payee': None,
      'refnum': None,
      'trntype': 'DEBIT'},
                   <StatementLine> {   'amount': Decimal('-15.05'),
      'check_no': None,
      'date': datetime.datetime(2025, 8, 1, 9, 19, 14, 726000),
      'date_user': None,
      'id': 'CARD-2746465966',
      'memo': 'Card transaction of USD issued by Software Service',
      'payee': None,
      'refnum': None,
      'trntype': 'DEBIT'},
                   <StatementLine> {   'amount': Decimal('-0.06'),
      'check_no': None,
      'date': datetime.datetime(2025, 8, 1, 9, 19, 14, 725000),
      'date_user': None,
      'id': 'FEE-CARD-2746465966',
      'memo': 'Wise Charges for: CARD-2746465966',
      'payee': None,
      'refnum': None,
      'trntype': 'DEBIT'},
                   <StatementLine> {   'amount': Decimal('-571.63'),
      'check_no': None,
      'date': datetime.datetime(2025, 8, 1, 9, 5, 31, 960000),
      'date_user': None,
      'id': 'BALANCE-3797868545',
      'memo': 'Converted GBP to BRL',
      'payee': None,
      'refnum': None,
      'trntype': 'DEBIT'},
                   <StatementLine> {   'amount': Decimal('-5.42'),
      'check_no': None,
      'date': datetime.datetime(2025, 8, 1, 9, 5, 31, 959000),
      'date_user': None,
      'id': 'FEE-BALANCE-3797868545',
      'memo': 'Wise Charges for: BALANCE-3797868545',
      'payee': None,
      'refnum': None,
      'trntype': 'DEBIT'},
                   <StatementLine> {   'amount': Decimal('2916.67'),
      'check_no': None,
      'date': datetime.datetime(2025, 8, 1, 6, 54, 31, 22000),
      'date_user': None,
      'id': 'TRANSFER-1654276622',
      'memo': 'Received money from ACME CORPORATION with reference 2025-07 '
              'SALARY',
      'payee': None,
      'refnum': None,
      'trntype': 'CREDIT'}]}
# ---
